[INFO] Scanning for projects...
[INFO] 
[INFO] --------------------------< com.janvoice:ai >---------------------------
[INFO] Building janvoice-ai 0.0.1-SNAPSHOT
[INFO]   from pom.xml
[INFO] --------------------------------[ jar ]---------------------------------
[INFO] 
[INFO] --- clean:3.3.2:clean (default-clean) @ ai ---
[INFO] Deleting C:\Users\dell\.gemini\antigravity\scratch\janvoice-ai\backend\target
[INFO] 
[INFO] --- resources:3.3.1:resources (default-resources) @ ai ---
[INFO] Copying 1 resource from src\main\resources to target\classes
[INFO] Copying 0 resource from src\main\resources to target\classes
[INFO] 
[INFO] --- compiler:3.11.0:compile (default-compile) @ ai ---
[INFO] Changes detected - recompiling the module! :source
[INFO] Compiling 24 source files with javac [debug release 17] to target\classes
[INFO] -------------------------------------------------------------
[ERROR] COMPILATION ERROR : 
[INFO] -------------------------------------------------------------
[ERROR] /C:/Users/dell/.gemini/antigravity/scratch/janvoice-ai/backend/src/main/java/com/janvoice/ai/controller/AuthController.java:[33,49] cannot find symbol
  symbol:   method getUsername()
  location: variable user of type com.janvoice.ai.entity.User
[ERROR] /C:/Users/dell/.gemini/antigravity/scratch/janvoice-ai/backend/src/main/java/com/janvoice/ai/controller/AuthController.java:[35,58] cannot find symbol
  symbol:   method getUsername()
  location: variable user of type com.janvoice.ai.entity.User
[ERROR] /C:/Users/dell/.gemini/antigravity/scratch/janvoice-ai/backend/src/main/java/com/janvoice/ai/controller/AuthController.java:[39,17] cannot find symbol
  symbol:   method getRole()
  location: variable user of type com.janvoice.ai.entity.User
[ERROR] /C:/Users/dell/.gemini/antigravity/scratch/janvoice-ai/backend/src/main/java/com/janvoice/ai/controller/AuthController.java:[40,17] cannot find symbol
  symbol:   method setRole(java.lang.String)
  location: variable user of type com.janvoice.ai.entity.User
[ERROR] /C:/Users/dell/.gemini/antigravity/scratch/janvoice-ai/backend/src/main/java/com/janvoice/ai/controller/AuthController.java:[42,30] cannot find symbol
  symbol:   method getRole()
  location: variable user of type com.janvoice.ai.entity.User
[ERROR] /C:/Users/dell/.gemini/antigravity/scratch/janvoice-ai/backend/src/main/java/com/janvoice/ai/controller/AuthController.java:[49,35] cannot find symbol
  symbol:   method builder()
  location: class com.janvoice.ai.dto.AuthResponse
[ERROR] /C:/Users/dell/.gemini/antigravity/scratch/janvoice-ai/backend/src/main/java/com/janvoice/ai/controller/AuthController.java:[50,42] cannot find symbol
  symbol:   method getId()
  location: variable savedUser of type com.janvoice.ai.entity.User
[ERROR] /C:/Users/dell/.gemini/antigravity/scratch/janvoice-ai/backend/src/main/java/com/janvoice/ai/controller/AuthController.java:[51,44] cannot find symbol
  symbol:   method getUsername()
  location: variable savedUser of type com.janvoice.ai.entity.User
[ERROR] /C:/Users/dell/.gemini/antigravity/scratch/janvoice-ai/backend/src/main/java/com/janvoice/ai/controller/AuthController.java:[52,40] cannot find symbol
  symbol:   method getRole()
  location: variable savedUser of type com.janvoice.ai.entity.User
[ERROR] /C:/Users/dell/.gemini/antigravity/scratch/janvoice-ai/backend/src/main/java/com/janvoice/ai/controller/AuthController.java:[53,44] cannot find symbol
  symbol:   method getWardArea()
  location: variable savedUser of type com.janvoice.ai.entity.User
[ERROR] /C:/Users/dell/.gemini/antigravity/scratch/janvoice-ai/backend/src/main/java/com/janvoice/ai/controller/AuthController.java:[64,71] cannot find symbol
  symbol:   method getUsername()
  location: variable request of type com.janvoice.ai.dto.LoginRequest
[ERROR] /C:/Users/dell/.gemini/antigravity/scratch/janvoice-ai/backend/src/main/java/com/janvoice/ai/controller/AuthController.java:[66,48] cannot find symbol
  symbol:   method getPassword()
  location: class com.janvoice.ai.entity.User
[ERROR] /C:/Users/dell/.gemini/antigravity/scratch/janvoice-ai/backend/src/main/java/com/janvoice/ai/controller/AuthController.java:[66,77] cannot find symbol
  symbol:   method getPassword()
  location: variable request of type com.janvoice.ai.dto.LoginRequest
[ERROR] /C:/Users/dell/.gemini/antigravity/scratch/janvoice-ai/backend/src/main/java/com/janvoice/ai/controller/AuthController.java:[73,46] cannot find symbol
  symbol:   method builder()
  location: class com.janvoice.ai.dto.AuthResponse
[ERROR] /C:/Users/dell/.gemini/antigravity/scratch/janvoice-ai/backend/src/main/java/com/janvoice/ai/controller/AuthController.java:[74,29] cannot find symbol
  symbol:   method getId()
  location: variable user of type com.janvoice.ai.entity.User
[ERROR] /C:/Users/dell/.gemini/antigravity/scratch/janvoice-ai/backend/src/main/java/com/janvoice/ai/controller/AuthController.java:[75,31] cannot find symbol
  symbol:   method getUsername()
  location: variable user of type com.janvoice.ai.entity.User
[ERROR] /C:/Users/dell/.gemini/antigravity/scratch/janvoice-ai/backend/src/main/java/com/janvoice/ai/controller/AuthController.java:[76,27] cannot find symbol
  symbol:   method getRole()
  location: variable user of type com.janvoice.ai.entity.User
[ERROR] /C:/Users/dell/.gemini/antigravity/scratch/janvoice-ai/backend/src/main/java/com/janvoice/ai/controller/AuthController.java:[77,31] cannot find symbol
  symbol:   method getWardArea()
  location: variable user of type com.janvoice.ai.entity.User
[ERROR] /C:/Users/dell/.gemini/antigravity/scratch/janvoice-ai/backend/src/main/java/com/janvoice/ai/controller/ComplaintController.java:[32,24] cannot find symbol
  symbol:   method getOriginalText()
  location: variable request of type com.janvoice.ai.dto.ComplaintRequest
[ERROR] /C:/Users/dell/.gemini/antigravity/scratch/janvoice-ai/backend/src/main/java/com/janvoice/ai/controller/ComplaintController.java:[33,24] cannot find symbol
  symbol:   method getWardArea()
  location: variable request of type com.janvoice.ai.dto.ComplaintRequest
[ERROR] /C:/Users/dell/.gemini/antigravity/scratch/janvoice-ai/backend/src/main/java/com/janvoice/ai/controller/ComplaintController.java:[34,24] cannot find symbol
  symbol:   method getCitizenId()
  location: variable request of type com.janvoice.ai.dto.ComplaintRequest
[ERROR] /C:/Users/dell/.gemini/antigravity/scratch/janvoice-ai/backend/src/main/java/com/janvoice/ai/service/impl/ComplaintServiceImpl.java:[60,40] cannot find symbol
  symbol:   method builder()
  location: class com.janvoice.ai.entity.Complaint
[ERROR] /C:/Users/dell/.gemini/antigravity/scratch/janvoice-ai/backend/src/main/java/com/janvoice/ai/service/impl/ComplaintServiceImpl.java:[63,41] cannot find symbol
  symbol:   method getTranslatedText()
  location: variable analysis of type com.janvoice.ai.dto.GeminiAnalysisResult
[ERROR] /C:/Users/dell/.gemini/antigravity/scratch/janvoice-ai/backend/src/main/java/com/janvoice/ai/service/impl/ComplaintServiceImpl.java:[64,35] cannot find symbol
  symbol:   method getLanguage()
  location: variable analysis of type com.janvoice.ai.dto.GeminiAnalysisResult
[ERROR] /C:/Users/dell/.gemini/antigravity/scratch/janvoice-ai/backend/src/main/java/com/janvoice/ai/service/impl/ComplaintServiceImpl.java:[65,35] cannot find symbol
  symbol:   method getCategory()
  location: variable analysis of type com.janvoice.ai.dto.GeminiAnalysisResult
[ERROR] /C:/Users/dell/.gemini/antigravity/scratch/janvoice-ai/backend/src/main/java/com/janvoice/ai/service/impl/ComplaintServiceImpl.java:[66,50] cannot find symbol
  symbol:   method getUrgency()
  location: variable analysis of type com.janvoice.ai.dto.GeminiAnalysisResult
[ERROR] /C:/Users/dell/.gemini/antigravity/scratch/janvoice-ai/backend/src/main/java/com/janvoice/ai/service/impl/ComplaintServiceImpl.java:[74,86] cannot find symbol
  symbol:   method getCategory()
  location: variable analysis of type com.janvoice.ai.dto.GeminiAnalysisResult
[ERROR] /C:/Users/dell/.gemini/antigravity/scratch/janvoice-ai/backend/src/main/java/com/janvoice/ai/service/impl/ComplaintServiceImpl.java:[79,31] cannot find symbol
  symbol:   method getIsDuplicate()
  location: variable duplicateCheck of type com.janvoice.ai.dto.GeminiDuplicateCheckResult
[ERROR] /C:/Users/dell/.gemini/antigravity/scratch/janvoice-ai/backend/src/main/java/com/janvoice/ai/service/impl/ComplaintServiceImpl.java:[79,66] cannot find symbol
  symbol:   method getMatchedComplaintId()
  location: variable duplicateCheck of type com.janvoice.ai.dto.GeminiDuplicateCheckResult
[ERROR] /C:/Users/dell/.gemini/antigravity/scratch/janvoice-ai/backend/src/main/java/com/janvoice/ai/service/impl/ComplaintServiceImpl.java:[81,92] cannot find symbol
  symbol:   method getMatchedComplaintId()
  location: variable duplicateCheck of type com.janvoice.ai.dto.GeminiDuplicateCheckResult
[ERROR] /C:/Users/dell/.gemini/antigravity/scratch/janvoice-ai/backend/src/main/java/com/janvoice/ai/service/impl/ComplaintServiceImpl.java:[84,30] cannot find symbol
  symbol:   method setParentComplaint(com.janvoice.ai.entity.Complaint)
  location: variable complaint of type com.janvoice.ai.entity.Complaint
[ERROR] /C:/Users/dell/.gemini/antigravity/scratch/janvoice-ai/backend/src/main/java/com/janvoice/ai/service/impl/ComplaintServiceImpl.java:[85,47] cannot find symbol
  symbol:   method getStatus()
  location: variable parent of type com.janvoice.ai.entity.Complaint
[ERROR] /C:/Users/dell/.gemini/antigravity/scratch/janvoice-ai/backend/src/main/java/com/janvoice/ai/service/impl/ComplaintServiceImpl.java:[91,45] cannot find symbol
  symbol:   method getUpvotes()
  location: variable parent of type com.janvoice.ai.entity.Complaint
[ERROR] /C:/Users/dell/.gemini/antigravity/scratch/janvoice-ai/backend/src/main/java/com/janvoice/ai/service/impl/ComplaintServiceImpl.java:[97,53] cannot find symbol
  symbol:   method builder()
  location: class com.janvoice.ai.entity.Upvote
[ERROR] /C:/Users/dell/.gemini/antigravity/scratch/janvoice-ai/backend/src/main/java/com/janvoice/ai/service/impl/ComplaintServiceImpl.java:[109,37] cannot find symbol
  symbol:   method builder()
  location: class com.janvoice.ai.entity.Upvote
[ERROR] /C:/Users/dell/.gemini/antigravity/scratch/janvoice-ai/backend/src/main/java/com/janvoice/ai/service/impl/ComplaintServiceImpl.java:[129,46] cannot find symbol
  symbol:   method getParentComplaint()
  location: variable complaint of type com.janvoice.ai.entity.Complaint
[ERROR] /C:/Users/dell/.gemini/antigravity/scratch/janvoice-ai/backend/src/main/java/com/janvoice/ai/service/impl/ComplaintServiceImpl.java:[129,87] cannot find symbol
  symbol:   method getParentComplaint()
  location: variable complaint of type com.janvoice.ai.entity.Complaint
[ERROR] /C:/Users/dell/.gemini/antigravity/scratch/janvoice-ai/backend/src/main/java/com/janvoice/ai/service/impl/ComplaintServiceImpl.java:[137,37] cannot find symbol
  symbol:   method builder()
  location: class com.janvoice.ai.entity.Upvote
[ERROR] /C:/Users/dell/.gemini/antigravity/scratch/janvoice-ai/backend/src/main/java/com/janvoice/ai/service/impl/ComplaintServiceImpl.java:[140,51] cannot find symbol
  symbol:   method getUpvotes()
  location: variable targetComplaint of type com.janvoice.ai.entity.Complaint
[ERROR] /C:/Users/dell/.gemini/antigravity/scratch/janvoice-ai/backend/src/main/java/com/janvoice/ai/service/impl/ComplaintServiceImpl.java:[156,18] cannot find symbol
  symbol:   method setStatus(com.janvoice.ai.entity.ComplaintStatus)
  location: variable complaint of type com.janvoice.ai.entity.Complaint
[ERROR] /C:/Users/dell/.gemini/antigravity/scratch/janvoice-ai/backend/src/main/java/com/janvoice/ai/service/impl/ComplaintServiceImpl.java:[162,18] cannot find symbol
  symbol:   method setStatus(com.janvoice.ai.entity.ComplaintStatus)
  location: variable child of type com.janvoice.ai.entity.Complaint
[ERROR] /C:/Users/dell/.gemini/antigravity/scratch/janvoice-ai/backend/src/main/java/com/janvoice/ai/service/impl/ComplaintServiceImpl.java:[209,55] cannot find symbol
  symbol:   method getUpdatedAt()
  location: class com.janvoice.ai.entity.AreaBriefing
[ERROR] /C:/Users/dell/.gemini/antigravity/scratch/janvoice-ai/backend/src/main/java/com/janvoice/ai/service/impl/ComplaintServiceImpl.java:[211,55] cannot find symbol
  symbol:   method builder()
  location: class com.janvoice.ai.entity.AreaBriefing
[ERROR] /C:/Users/dell/.gemini/antigravity/scratch/janvoice-ai/backend/src/main/java/com/janvoice/ai/service/impl/ComplaintServiceImpl.java:[217,45] cannot find symbol
  symbol:   method getAiSummary()
  location: class com.janvoice.ai.entity.AreaBriefing
[ERROR] /C:/Users/dell/.gemini/antigravity/scratch/janvoice-ai/backend/src/main/java/com/janvoice/ai/service/impl/GeminiServiceImpl.java:[72,40] cannot find symbol
  symbol:   method builder()
  location: class com.janvoice.ai.dto.GeminiAnalysisResult
[ERROR] /C:/Users/dell/.gemini/antigravity/scratch/janvoice-ai/backend/src/main/java/com/janvoice/ai/service/impl/GeminiServiceImpl.java:[88,46] cannot find symbol
  symbol:   method builder()
  location: class com.janvoice.ai.dto.GeminiDuplicateCheckResult
[ERROR] /C:/Users/dell/.gemini/antigravity/scratch/janvoice-ai/backend/src/main/java/com/janvoice/ai/service/impl/GeminiServiceImpl.java:[93,68] cannot find symbol
  symbol:   method getId()
  location: variable c of type com.janvoice.ai.entity.Complaint
[ERROR] /C:/Users/dell/.gemini/antigravity/scratch/janvoice-ai/backend/src/main/java/com/janvoice/ai/service/impl/GeminiServiceImpl.java:[93,79] cannot find symbol
  symbol:   method getTranslatedText()
  location: variable c of type com.janvoice.ai.entity.Complaint
[ERROR] /C:/Users/dell/.gemini/antigravity/scratch/janvoice-ai/backend/src/main/java/com/janvoice/ai/service/impl/GeminiServiceImpl.java:[94,17] no suitable method found for collect(java.util.stream.Collector<java.lang.CharSequence,capture#1 of ?,java.lang.String>)
    method java.util.stream.Stream.<R>collect(java.util.function.Supplier<R>,java.util.function.BiConsumer<R,? super java.lang.Object>,java.util.function.BiConsumer<R,R>) is not applicable
      (cannot infer type-variable(s) R
        (actual and formal argument lists differ in length))
    method java.util.stream.Stream.<R,A>collect(java.util.stream.Collector<? super java.lang.Object,A,R>) is not applicable
      (cannot infer type-variable(s) R,A
        (argument mismatch; java.util.stream.Collector<java.lang.CharSequence,capture#2 of ?,java.lang.String> cannot be converted to java.util.stream.Collector<? super java.lang.Object,A,R>))
[ERROR] /C:/Users/dell/.gemini/antigravity/scratch/janvoice-ai/backend/src/main/java/com/janvoice/ai/service/impl/GeminiServiceImpl.java:[101,48] cannot find symbol
  symbol:   method getTranslatedText()
  location: variable target of type com.janvoice.ai.entity.Complaint
[ERROR] /C:/Users/dell/.gemini/antigravity/scratch/janvoice-ai/backend/src/main/java/com/janvoice/ai/service/impl/GeminiServiceImpl.java:[114,46] cannot find symbol
  symbol:   method builder()
  location: class com.janvoice.ai.dto.GeminiDuplicateCheckResult
[ERROR] /C:/Users/dell/.gemini/antigravity/scratch/janvoice-ai/backend/src/main/java/com/janvoice/ai/service/impl/GeminiServiceImpl.java:[129,26] cannot find symbol
  symbol:   method getCategory()
  location: variable c of type com.janvoice.ai.entity.Complaint
[ERROR] /C:/Users/dell/.gemini/antigravity/scratch/janvoice-ai/backend/src/main/java/com/janvoice/ai/service/impl/GeminiServiceImpl.java:[129,43] cannot find symbol
  symbol:   method getStatus()
  location: variable c of type com.janvoice.ai.entity.Complaint
[ERROR] /C:/Users/dell/.gemini/antigravity/scratch/janvoice-ai/backend/src/main/java/com/janvoice/ai/service/impl/GeminiServiceImpl.java:[129,58] cannot find symbol
  symbol:   method getTranslatedText()
  location: variable c of type com.janvoice.ai.entity.Complaint
[ERROR] /C:/Users/dell/.gemini/antigravity/scratch/janvoice-ai/backend/src/main/java/com/janvoice/ai/service/impl/GeminiServiceImpl.java:[129,81] cannot find symbol
  symbol:   method getUpvotes()
  location: variable c of type com.janvoice.ai.entity.Complaint
[ERROR] /C:/Users/dell/.gemini/antigravity/scratch/janvoice-ai/backend/src/main/java/com/janvoice/ai/service/impl/GeminiServiceImpl.java:[130,17] no suitable method found for collect(java.util.stream.Collector<java.lang.CharSequence,capture#3 of ?,java.lang.String>)
    method java.util.stream.Stream.<R>collect(java.util.function.Supplier<R>,java.util.function.BiConsumer<R,? super java.lang.Object>,java.util.function.BiConsumer<R,R>) is not applicable
      (cannot infer type-variable(s) R
        (actual and formal argument lists differ in length))
    method java.util.stream.Stream.<R,A>collect(java.util.stream.Collector<? super java.lang.Object,A,R>) is not applicable
      (cannot infer type-variable(s) R,A
        (argument mismatch; java.util.stream.Collector<java.lang.CharSequence,capture#4 of ?,java.lang.String> cannot be converted to java.util.stream.Collector<? super java.lang.Object,A,R>))
[INFO] 56 errors 
[INFO] -------------------------------------------------------------
[INFO] ------------------------------------------------------------------------
[INFO] BUILD FAILURE
[INFO] ------------------------------------------------------------------------
[INFO] Total time:  1.766 s
[INFO] Finished at: 2026-07-02T23:12:32+05:30
[INFO] ------------------------------------------------------------------------
[ERROR] Failed to execute goal org.apache.maven.plugins:maven-compiler-plugin:3.11.0:compile (default-compile) on project ai: Compilation failure: Compilation failure: 
[ERROR] /C:/Users/dell/.gemini/antigravity/scratch/janvoice-ai/backend/src/main/java/com/janvoice/ai/controller/AuthController.java:[33,49] cannot find symbol
[ERROR]   symbol:   method getUsername()
[ERROR]   location: variable user of type com.janvoice.ai.entity.User
[ERROR] /C:/Users/dell/.gemini/antigravity/scratch/janvoice-ai/backend/src/main/java/com/janvoice/ai/controller/AuthController.java:[35,58] cannot find symbol
[ERROR]   symbol:   method getUsername()
[ERROR]   location: variable user of type com.janvoice.ai.entity.User
[ERROR] /C:/Users/dell/.gemini/antigravity/scratch/janvoice-ai/backend/src/main/java/com/janvoice/ai/controller/AuthController.java:[39,17] cannot find symbol
[ERROR]   symbol:   method getRole()
[ERROR]   location: variable user of type com.janvoice.ai.entity.User
[ERROR] /C:/Users/dell/.gemini/antigravity/scratch/janvoice-ai/backend/src/main/java/com/janvoice/ai/controller/AuthController.java:[40,17] cannot find symbol
[ERROR]   symbol:   method setRole(java.lang.String)
[ERROR]   location: variable user of type com.janvoice.ai.entity.User
[ERROR] /C:/Users/dell/.gemini/antigravity/scratch/janvoice-ai/backend/src/main/java/com/janvoice/ai/controller/AuthController.java:[42,30] cannot find symbol
[ERROR]   symbol:   method getRole()
[ERROR]   location: variable user of type com.janvoice.ai.entity.User
[ERROR] /C:/Users/dell/.gemini/antigravity/scratch/janvoice-ai/backend/src/main/java/com/janvoice/ai/controller/AuthController.java:[49,35] cannot find symbol
[ERROR]   symbol:   method builder()
[ERROR]   location: class com.janvoice.ai.dto.AuthResponse
[ERROR] /C:/Users/dell/.gemini/antigravity/scratch/janvoice-ai/backend/src/main/java/com/janvoice/ai/controller/AuthController.java:[50,42] cannot find symbol
[ERROR]   symbol:   method getId()
[ERROR]   location: variable savedUser of type com.janvoice.ai.entity.User
[ERROR] /C:/Users/dell/.gemini/antigravity/scratch/janvoice-ai/backend/src/main/java/com/janvoice/ai/controller/AuthController.java:[51,44] cannot find symbol
[ERROR]   symbol:   method getUsername()
[ERROR]   location: variable savedUser of type com.janvoice.ai.entity.User
[ERROR] /C:/Users/dell/.gemini/antigravity/scratch/janvoice-ai/backend/src/main/java/com/janvoice/ai/controller/AuthController.java:[52,40] cannot find symbol
[ERROR]   symbol:   method getRole()
[ERROR]   location: variable savedUser of type com.janvoice.ai.entity.User
[ERROR] /C:/Users/dell/.gemini/antigravity/scratch/janvoice-ai/backend/src/main/java/com/janvoice/ai/controller/AuthController.java:[53,44] cannot find symbol
[ERROR]   symbol:   method getWardArea()
[ERROR]   location: variable savedUser of type com.janvoice.ai.entity.User
[ERROR] /C:/Users/dell/.gemini/antigravity/scratch/janvoice-ai/backend/src/main/java/com/janvoice/ai/controller/AuthController.java:[64,71] cannot find symbol
[ERROR]   symbol:   method getUsername()
[ERROR]   location: variable request of type com.janvoice.ai.dto.LoginRequest
[ERROR] /C:/Users/dell/.gemini/antigravity/scratch/janvoice-ai/backend/src/main/java/com/janvoice/ai/controller/AuthController.java:[66,48] cannot find symbol
[ERROR]   symbol:   method getPassword()
[ERROR]   location: class com.janvoice.ai.entity.User
[ERROR] /C:/Users/dell/.gemini/antigravity/scratch/janvoice-ai/backend/src/main/java/com/janvoice/ai/controller/AuthController.java:[66,77] cannot find symbol
[ERROR]   symbol:   method getPassword()
[ERROR]   location: variable request of type com.janvoice.ai.dto.LoginRequest
[ERROR] /C:/Users/dell/.gemini/antigravity/scratch/janvoice-ai/backend/src/main/java/com/janvoice/ai/controller/AuthController.java:[73,46] cannot find symbol
[ERROR]   symbol:   method builder()
[ERROR]   location: class com.janvoice.ai.dto.AuthResponse
[ERROR] /C:/Users/dell/.gemini/antigravity/scratch/janvoice-ai/backend/src/main/java/com/janvoice/ai/controller/AuthController.java:[74,29] cannot find symbol
[ERROR]   symbol:   method getId()
[ERROR]   location: variable user of type com.janvoice.ai.entity.User
[ERROR] /C:/Users/dell/.gemini/antigravity/scratch/janvoice-ai/backend/src/main/java/com/janvoice/ai/controller/AuthController.java:[75,31] cannot find symbol
[ERROR]   symbol:   method getUsername()
[ERROR]   location: variable user of type com.janvoice.ai.entity.User
[ERROR] /C:/Users/dell/.gemini/antigravity/scratch/janvoice-ai/backend/src/main/java/com/janvoice/ai/controller/AuthController.java:[76,27] cannot find symbol
[ERROR]   symbol:   method getRole()
[ERROR]   location: variable user of type com.janvoice.ai.entity.User
[ERROR] /C:/Users/dell/.gemini/antigravity/scratch/janvoice-ai/backend/src/main/java/com/janvoice/ai/controller/AuthController.java:[77,31] cannot find symbol
[ERROR]   symbol:   method getWardArea()
[ERROR]   location: variable user of type com.janvoice.ai.entity.User
[ERROR] /C:/Users/dell/.gemini/antigravity/scratch/janvoice-ai/backend/src/main/java/com/janvoice/ai/controller/ComplaintController.java:[32,24] cannot find symbol
[ERROR]   symbol:   method getOriginalText()
[ERROR]   location: variable request of type com.janvoice.ai.dto.ComplaintRequest
[ERROR] /C:/Users/dell/.gemini/antigravity/scratch/janvoice-ai/backend/src/main/java/com/janvoice/ai/controller/ComplaintController.java:[33,24] cannot find symbol
[ERROR]   symbol:   method getWardArea()
[ERROR]   location: variable request of type com.janvoice.ai.dto.ComplaintRequest
[ERROR] /C:/Users/dell/.gemini/antigravity/scratch/janvoice-ai/backend/src/main/java/com/janvoice/ai/controller/ComplaintController.java:[34,24] cannot find symbol
[ERROR]   symbol:   method getCitizenId()
[ERROR]   location: variable request of type com.janvoice.ai.dto.ComplaintRequest
[ERROR] /C:/Users/dell/.gemini/antigravity/scratch/janvoice-ai/backend/src/main/java/com/janvoice/ai/service/impl/ComplaintServiceImpl.java:[60,40] cannot find symbol
[ERROR]   symbol:   method builder()
[ERROR]   location: class com.janvoice.ai.entity.Complaint
[ERROR] /C:/Users/dell/.gemini/antigravity/scratch/janvoice-ai/backend/src/main/java/com/janvoice/ai/service/impl/ComplaintServiceImpl.java:[63,41] cannot find symbol
[ERROR]   symbol:   method getTranslatedText()
[ERROR]   location: variable analysis of type com.janvoice.ai.dto.GeminiAnalysisResult
[ERROR] /C:/Users/dell/.gemini/antigravity/scratch/janvoice-ai/backend/src/main/java/com/janvoice/ai/service/impl/ComplaintServiceImpl.java:[64,35] cannot find symbol
[ERROR]   symbol:   method getLanguage()
[ERROR]   location: variable analysis of type com.janvoice.ai.dto.GeminiAnalysisResult
[ERROR] /C:/Users/dell/.gemini/antigravity/scratch/janvoice-ai/backend/src/main/java/com/janvoice/ai/service/impl/ComplaintServiceImpl.java:[65,35] cannot find symbol
[ERROR]   symbol:   method getCategory()
[ERROR]   location: variable analysis of type com.janvoice.ai.dto.GeminiAnalysisResult
[ERROR] /C:/Users/dell/.gemini/antigravity/scratch/janvoice-ai/backend/src/main/java/com/janvoice/ai/service/impl/ComplaintServiceImpl.java:[66,50] cannot find symbol
[ERROR]   symbol:   method getUrgency()
[ERROR]   location: variable analysis of type com.janvoice.ai.dto.GeminiAnalysisResult
[ERROR] /C:/Users/dell/.gemini/antigravity/scratch/janvoice-ai/backend/src/main/java/com/janvoice/ai/service/impl/ComplaintServiceImpl.java:[74,86] cannot find symbol
[ERROR]   symbol:   method getCategory()
[ERROR]   location: variable analysis of type com.janvoice.ai.dto.GeminiAnalysisResult
[ERROR] /C:/Users/dell/.gemini/antigravity/scratch/janvoice-ai/backend/src/main/java/com/janvoice/ai/service/impl/ComplaintServiceImpl.java:[79,31] cannot find symbol
[ERROR]   symbol:   method getIsDuplicate()
[ERROR]   location: variable duplicateCheck of type com.janvoice.ai.dto.GeminiDuplicateCheckResult
[ERROR] /C:/Users/dell/.gemini/antigravity/scratch/janvoice-ai/backend/src/main/java/com/janvoice/ai/service/impl/ComplaintServiceImpl.java:[79,66] cannot find symbol
[ERROR]   symbol:   method getMatchedComplaintId()
[ERROR]   location: variable duplicateCheck of type com.janvoice.ai.dto.GeminiDuplicateCheckResult
[ERROR] /C:/Users/dell/.gemini/antigravity/scratch/janvoice-ai/backend/src/main/java/com/janvoice/ai/service/impl/ComplaintServiceImpl.java:[81,92] cannot find symbol
[ERROR]   symbol:   method getMatchedComplaintId()
[ERROR]   location: variable duplicateCheck of type com.janvoice.ai.dto.GeminiDuplicateCheckResult
[ERROR] /C:/Users/dell/.gemini/antigravity/scratch/janvoice-ai/backend/src/main/java/com/janvoice/ai/service/impl/ComplaintServiceImpl.java:[84,30] cannot find symbol
[ERROR]   symbol:   method setParentComplaint(com.janvoice.ai.entity.Complaint)
[ERROR]   location: variable complaint of type com.janvoice.ai.entity.Complaint
[ERROR] /C:/Users/dell/.gemini/antigravity/scratch/janvoice-ai/backend/src/main/java/com/janvoice/ai/service/impl/ComplaintServiceImpl.java:[85,47] cannot find symbol
[ERROR]   symbol:   method getStatus()
[ERROR]   location: variable parent of type com.janvoice.ai.entity.Complaint
[ERROR] /C:/Users/dell/.gemini/antigravity/scratch/janvoice-ai/backend/src/main/java/com/janvoice/ai/service/impl/ComplaintServiceImpl.java:[91,45] cannot find symbol
[ERROR]   symbol:   method getUpvotes()
[ERROR]   location: variable parent of type com.janvoice.ai.entity.Complaint
[ERROR] /C:/Users/dell/.gemini/antigravity/scratch/janvoice-ai/backend/src/main/java/com/janvoice/ai/service/impl/ComplaintServiceImpl.java:[97,53] cannot find symbol
[ERROR]   symbol:   method builder()
[ERROR]   location: class com.janvoice.ai.entity.Upvote
[ERROR] /C:/Users/dell/.gemini/antigravity/scratch/janvoice-ai/backend/src/main/java/com/janvoice/ai/service/impl/ComplaintServiceImpl.java:[109,37] cannot find symbol
[ERROR]   symbol:   method builder()
[ERROR]   location: class com.janvoice.ai.entity.Upvote
[ERROR] /C:/Users/dell/.gemini/antigravity/scratch/janvoice-ai/backend/src/main/java/com/janvoice/ai/service/impl/ComplaintServiceImpl.java:[129,46] cannot find symbol
[ERROR]   symbol:   method getParentComplaint()
[ERROR]   location: variable complaint of type com.janvoice.ai.entity.Complaint
[ERROR] /C:/Users/dell/.gemini/antigravity/scratch/janvoice-ai/backend/src/main/java/com/janvoice/ai/service/impl/ComplaintServiceImpl.java:[129,87] cannot find symbol
[ERROR]   symbol:   method getParentComplaint()
[ERROR]   location: variable complaint of type com.janvoice.ai.entity.Complaint
[ERROR] /C:/Users/dell/.gemini/antigravity/scratch/janvoice-ai/backend/src/main/java/com/janvoice/ai/service/impl/ComplaintServiceImpl.java:[137,37] cannot find symbol
[ERROR]   symbol:   method builder()
[ERROR]   location: class com.janvoice.ai.entity.Upvote
[ERROR] /C:/Users/dell/.gemini/antigravity/scratch/janvoice-ai/backend/src/main/java/com/janvoice/ai/service/impl/ComplaintServiceImpl.java:[140,51] cannot find symbol
[ERROR]   symbol:   method getUpvotes()
[ERROR]   location: variable targetComplaint of type com.janvoice.ai.entity.Complaint
[ERROR] /C:/Users/dell/.gemini/antigravity/scratch/janvoice-ai/backend/src/main/java/com/janvoice/ai/service/impl/ComplaintServiceImpl.java:[156,18] cannot find symbol
[ERROR]   symbol:   method setStatus(com.janvoice.ai.entity.ComplaintStatus)
[ERROR]   location: variable complaint of type com.janvoice.ai.entity.Complaint
[ERROR] /C:/Users/dell/.gemini/antigravity/scratch/janvoice-ai/backend/src/main/java/com/janvoice/ai/service/impl/ComplaintServiceImpl.java:[162,18] cannot find symbol
[ERROR]   symbol:   method setStatus(com.janvoice.ai.entity.ComplaintStatus)
[ERROR]   location: variable child of type com.janvoice.ai.entity.Complaint
[ERROR] /C:/Users/dell/.gemini/antigravity/scratch/janvoice-ai/backend/src/main/java/com/janvoice/ai/service/impl/ComplaintServiceImpl.java:[209,55] cannot find symbol
[ERROR]   symbol:   method getUpdatedAt()
[ERROR]   location: class com.janvoice.ai.entity.AreaBriefing
[ERROR] /C:/Users/dell/.gemini/antigravity/scratch/janvoice-ai/backend/src/main/java/com/janvoice/ai/service/impl/ComplaintServiceImpl.java:[211,55] cannot find symbol
[ERROR]   symbol:   method builder()
[ERROR]   location: class com.janvoice.ai.entity.AreaBriefing
[ERROR] /C:/Users/dell/.gemini/antigravity/scratch/janvoice-ai/backend/src/main/java/com/janvoice/ai/service/impl/ComplaintServiceImpl.java:[217,45] cannot find symbol
[ERROR]   symbol:   method getAiSummary()
[ERROR]   location: class com.janvoice.ai.entity.AreaBriefing
[ERROR] /C:/Users/dell/.gemini/antigravity/scratch/janvoice-ai/backend/src/main/java/com/janvoice/ai/service/impl/GeminiServiceImpl.java:[72,40] cannot find symbol
[ERROR]   symbol:   method builder()
[ERROR]   location: class com.janvoice.ai.dto.GeminiAnalysisResult
[ERROR] /C:/Users/dell/.gemini/antigravity/scratch/janvoice-ai/backend/src/main/java/com/janvoice/ai/service/impl/GeminiServiceImpl.java:[88,46] cannot find symbol
[ERROR]   symbol:   method builder()
[ERROR]   location: class com.janvoice.ai.dto.GeminiDuplicateCheckResult
[ERROR] /C:/Users/dell/.gemini/antigravity/scratch/janvoice-ai/backend/src/main/java/com/janvoice/ai/service/impl/GeminiServiceImpl.java:[93,68] cannot find symbol
[ERROR]   symbol:   method getId()
[ERROR]   location: variable c of type com.janvoice.ai.entity.Complaint
[ERROR] /C:/Users/dell/.gemini/antigravity/scratch/janvoice-ai/backend/src/main/java/com/janvoice/ai/service/impl/GeminiServiceImpl.java:[93,79] cannot find symbol
[ERROR]   symbol:   method getTranslatedText()
[ERROR]   location: variable c of type com.janvoice.ai.entity.Complaint
[ERROR] /C:/Users/dell/.gemini/antigravity/scratch/janvoice-ai/backend/src/main/java/com/janvoice/ai/service/impl/GeminiServiceImpl.java:[94,17] no suitable method found for collect(java.util.stream.Collector<java.lang.CharSequence,capture#1 of ?,java.lang.String>)
[ERROR]     method java.util.stream.Stream.<R>collect(java.util.function.Supplier<R>,java.util.function.BiConsumer<R,? super java.lang.Object>,java.util.function.BiConsumer<R,R>) is not applicable
[ERROR]       (cannot infer type-variable(s) R
[ERROR]         (actual and formal argument lists differ in length))
[ERROR]     method java.util.stream.Stream.<R,A>collect(java.util.stream.Collector<? super java.lang.Object,A,R>) is not applicable
[ERROR]       (cannot infer type-variable(s) R,A
[ERROR]         (argument mismatch; java.util.stream.Collector<java.lang.CharSequence,capture#2 of ?,java.lang.String> cannot be converted to java.util.stream.Collector<? super java.lang.Object,A,R>))
[ERROR] /C:/Users/dell/.gemini/antigravity/scratch/janvoice-ai/backend/src/main/java/com/janvoice/ai/service/impl/GeminiServiceImpl.java:[101,48] cannot find symbol
[ERROR]   symbol:   method getTranslatedText()
[ERROR]   location: variable target of type com.janvoice.ai.entity.Complaint
[ERROR] /C:/Users/dell/.gemini/antigravity/scratch/janvoice-ai/backend/src/main/java/com/janvoice/ai/service/impl/GeminiServiceImpl.java:[114,46] cannot find symbol
[ERROR]   symbol:   method builder()
[ERROR]   location: class com.janvoice.ai.dto.GeminiDuplicateCheckResult
[ERROR] /C:/Users/dell/.gemini/antigravity/scratch/janvoice-ai/backend/src/main/java/com/janvoice/ai/service/impl/GeminiServiceImpl.java:[129,26] cannot find symbol
[ERROR]   symbol:   method getCategory()
[ERROR]   location: variable c of type com.janvoice.ai.entity.Complaint
[ERROR] /C:/Users/dell/.gemini/antigravity/scratch/janvoice-ai/backend/src/main/java/com/janvoice/ai/service/impl/GeminiServiceImpl.java:[129,43] cannot find symbol
[ERROR]   symbol:   method getStatus()
[ERROR]   location: variable c of type com.janvoice.ai.entity.Complaint
[ERROR] /C:/Users/dell/.gemini/antigravity/scratch/janvoice-ai/backend/src/main/java/com/janvoice/ai/service/impl/GeminiServiceImpl.java:[129,58] cannot find symbol
[ERROR]   symbol:   method getTranslatedText()
[ERROR]   location: variable c of type com.janvoice.ai.entity.Complaint
[ERROR] /C:/Users/dell/.gemini/antigravity/scratch/janvoice-ai/backend/src/main/java/com/janvoice/ai/service/impl/GeminiServiceImpl.java:[129,81] cannot find symbol
[ERROR]   symbol:   method getUpvotes()
[ERROR]   location: variable c of type com.janvoice.ai.entity.Complaint
[ERROR] /C:/Users/dell/.gemini/antigravity/scratch/janvoice-ai/backend/src/main/java/com/janvoice/ai/service/impl/GeminiServiceImpl.java:[130,17] no suitable method found for collect(java.util.stream.Collector<java.lang.CharSequence,capture#3 of ?,java.lang.String>)
[ERROR]     method java.util.stream.Stream.<R>collect(java.util.function.Supplier<R>,java.util.function.BiConsumer<R,? super java.lang.Object>,java.util.function.BiConsumer<R,R>) is not applicable
[ERROR]       (cannot infer type-variable(s) R
[ERROR]         (actual and formal argument lists differ in length))
[ERROR]     method java.util.stream.Stream.<R,A>collect(java.util.stream.Collector<? super java.lang.Object,A,R>) is not applicable
[ERROR]       (cannot infer type-variable(s) R,A
[ERROR]         (argument mismatch; java.util.stream.Collector<java.lang.CharSequence,capture#4 of ?,java.lang.String> cannot be converted to java.util.stream.Collector<? super java.lang.Object,A,R>))
[ERROR] -> [Help 1]
[ERROR] 
[ERROR] To see the full stack trace of the errors, re-run Maven with the -e switch.
[ERROR] Re-run Maven using the -X switch to enable full debug logging.
[ERROR] 
[ERROR] For more information about the errors and possible solutions, please read the following articles:
[ERROR] [Help 1] http://cwiki.apache.org/confluence/display/MAVEN/MojoFailureException
